data/runs/1a8d5dad-81ad-457c-bc9d-0bdfc6330bc5/panel.csv
t,firm_id,price,cost,quantity,profit
0,0,2.6,1.0,2500.0,4000.0
1,0,2.6,1.0486381404032221,2500.0,3878.404648991945
2,0,2.6,0.9099086859440442,2500.0,4225.2282851398895
3,0,2.6,0.9633435719715535,2500.0,4091.6410700711162
4,0,2.6,0.9813246141646478,2500.0,4046.6884645883806
5,0,2.6,0.9271085274113906,2500.0,4182.2286814715235
6,0,2.6,0.7713859207009356,2500.0,4571.535198247661
7,0,2.6,0.7512770385503877,2500.0,4621.8074036240305
8,0,2.6,0.7083763034155197,2500.0,4729.059241461201
9,0,2.6,0.6321990008255751,2468.89544611175,4858.29492571589
10,0,2.5191019181071743,0.5191019181071744,2548.9186300294614,5097.837260058923
11,0,2.562960408503124,0.5629604085031243,2523.1490830444864,5046.298166088972
12,0,2.6,0.7634064612145822,2500.0,4591.483846963544
13,0,2.6,0.795088661826167,2500.0,4512.278345434583
14,0,2.6,0.7728392015902491,2500.0,4567.901996024377
15,0,2.6,0.6633223282313948,2490.6868813861715,4823.657670547579
16,0,2.5438998702528024,0.5438998702528024,2535.0602823183617,5070.120564636723
17,0,2.435100167816796,0.4351001678167957,2603.0040500276373,5206.008100055275
18,0,2.5171036774317823,0.5171036774317823,2551.8027856008603,5103.6055712017205
19,0,2.6,0.6979088442628842,2470.826584510321,4699.737393757227
20,0,2.6,0.7313710124577705,2447.275217573166,4573.049412050935
21,0,2.6,0.7315275974291453,2496.374785169604,4664.407392563151
22,0,2.6,0.7367790823442739,2383.629417171872,4441.228190014159
23,0,2.6,0.7600802503790933,2427.5700176419437,4466.534019046985
24,0,2.6,0.7726945025750221,2442.526166760756,4463.241492126288
25,0,2.6,0.7985399043515431,2495.3210538517037,4495.221304345298
26,0,2.6,0.7780006260830054,2441.0704800843723,4447.628886400984
27,0,2.6,0.8366303016853246,2394.1610571025817,4221.791060979724
28,0,2.6,0.9216899925353436,2444.4402821191325,4102.528588130269
29,0,2.6,0.8853141241202692,2500.0,4286.714689699327
30,0,2.6,1.1060028927175305,2473.313518673307,3695.123242300547
31,0,2.6,1.0221466342508012,2468.0959474590313,3894.2934976901906
32,0,2.6,0.978968816925092,2462.1326573890397,3991.193814494722
33,0,2.6,0.9213642956926683,2445.4488603925774,4105.017770112657
34,0,2.6,1.0759308925300342,2500.0,3810.172768674915
35,0,2.6,1.1128154418995044,2500.0,3717.961395251239
36,0,2.6,1.24736957018167,2476.8386071012565,3350.2472697140065
37,0,2.6,1.1354853782625909,2407.1130392594955,3525.2522421703056
38,0,2.6,1.3078753819286204,2476.884479630654,3200.443412249687
39,0,2.6,1.2363970706143956,2500.0,3409.0073234640113
40,0,2.6,1.3403294210020407,2500.0,3149.1764474948986
41,0,2.6,1.2535887336451266,2431.3651950424514,3273.617491228271
42,0,2.6,1.238455645493335,2373.193384955542,3231.208055438781
43,0,2.6,1.1599394067252966,2406.1724840628053,3465.0341749207505
44,0,2.6,1.2439724337685314,2409.5346877119937,3267.3954583283967
45,0,2.6,1.3459110728133994,2395.8354568554364,3004.5907178034536
46,0,2.6,1.3673016776532836,2342.686000284268,2887.825102335557
47,0,2.6,1.3385193658123744,2353.0426514983883,2968.317736282719
48,0,2.6,1.3149200421143223,2288.5004077222757,2940.9060075770985
49,0,2.6,1.3191133584172268,2423.8777165818906,3104.712587999899
50,0,2.6,1.0840146752211006,2327.439783976614,3528.3645568151187
51,0,2.6,1.003230328756474,2359.3336343691412,3767.3123917054068
52,0,2.6,1.2355159727373997,2398.647593125376,3272.916327851456
53,0,2.6,1.3032590742018872,2373.4985399986313,3077.8126941382943
54,0,2.6,1.4168611645579001,2334.289490478702,2761.7885493497047
55,0,2.6,1.4160673889371083,2303.4298236483005,2727.1056855120687
56,0,2.6,1.4562824723970413,2231.0424496449536,2551.682354485175
57,0,2.6,1.493774990034804,2127.787415941705,2353.8116554039316
58,0,2.6,1.359174957601829,2127.787415941705,2640.211910600161
59,0,2.6,1.2204988834204946,2145.8232768718512,2960.1656064270123
60,0,2.6,1.2500638049780983,2153.8669682801583,2907.5829797434762
61,0,2.6,1.3992426760273524,2231.8493614399626,2679.909466752712
62,0,2.6,1.5107769164272735,2320.2073255671226,2527.2233776822504
63,0,2.6,1.4517509329046556,2380.1260288469284,2732.9774921928324
64,0,2.6,1.3121087249734986,2299.692235375637,2961.7535651864746
65,0,2.6,1.3017508036560574,2263.437820496681,2938.5063314343015
66,0,2.6,1.2180775288912602,2304.7140682334,3184.9361603721773
67,0,2.6,1.327452751860537,2250.239833940452,2863.5365083347247
68,0,2.6,1.2863340429198689,2276.8682828038436,2991.044351874906
69,0,2.6,1.2536265348520896,2276.83066185124,3065.4643877516646
70,0,2.6,1.350572239010945,2364.9295535523734,2954.808636991788
71,0,2.6,1.3226939771094248,2348.230197419831,2999.4085742978746
72,0,2.6,1.3722562624279784,2442.0668801664992,2998.232318856464
73,0,2.6,1.3316078333022563,2494.728942893057,3164.294649199697
74,0,2.6,1.3510727547284958,2500.0,3122.318113178761
75,0,2.6,1.3451248217348768,2500.0,3137.187945662808
76,0,2.6,1.6062418969211785,2500.0,2484.395257697054
77,0,2.6,1.7743619533997088,2500.0,2064.095116500728
78,0,2.6,1.7926917054868512,2500.0,2018.2707362828723
79,0,2.6,1.7311895762738518,2500.0,2172.0260593153707
80,0,2.6,1.938529191595937,2500.0,1653.6770210101577
81,0,2.6,2.027064972303794,2500.0,1432.337569240515
82,0,2.6,2.0728195169113732,2500.0,1317.9512077215672
83,0,2.6,2.182137190607059,2500.0,1044.6570234823528
84,0,2.6,2.309663999155658,2500.0,725.8400021108557
85,0,2.6,2.260651719793328,2500.0,848.3707005166807
86,0,2.6,2.2995391958072093,2500.0,751.1520104819768
87,0,2.6,2.278499184611989,2500.0,803.7520384700281
88,0,2.6,2.1707395240526464,2500.0,1073.1511898683843
89,0,2.6,2.0636068063562893,2500.0,1340.982984109277
90,0,2.6,2.181667852972323,2500.0,1045.8303675691927
91,0,2.6,2.0859727528312324,2500.0,1285.068117921919
92,0,2.6,2.16633901566739,2500.0,1084.1524608315256
93,0,2.6,2.245776144057145,2500.0,885.5596398571374
94,0,2.6,2.0953712989893787,2500.0,1261.5717525265536
95,0,2.6,2.183280999511071,2500.0,1041.7975012223224
96,0,2.6,2.0985534812309012,2500.0,1253.616296922747
97,0,2.6,2.221777982922443,2500.0,945.555042693893
98,0,2.6,2.294391061197038,2500.0,764.0223470074047
99,0,2.6,2.2790574888148027,2500.0,802.3562779629933
0,1,2.6,1.0,2500.0,4000.0
1,1,2.6,0.9522608021449879,2500.0,4119.347994637531
2,1,2.6,1.1188496451108265,2500.0,3702.875887222934
3,1,2.6,1.1965048236778881,2500.0,3508.73794080528
4,1,2.6,1.0623463547369967,2500.0,3844.1341131575086
5,1,2.6,1.0625443182202936,2500.0,3843.6392044492663
6,1,2.6,1.033265055455131,2500.0,3916.8373613621725
7,1,2.6,0.9231151503489475,2500.0,4192.212124127631
8,1,2.6,0.617344285558625,2500.0,4956.639286103438
9,1,2.550230145566149,0.5502301455661489,2531.1045538882504,5062.209107776501
10,1,2.594766859018848,0.5947668590188482,2454.2880817323244,4908.576163464648
11,1,2.6,0.6201500154503231,2476.8509169555136,4903.793249666227
12,1,2.6,0.6003864468812352,2500.0,4999.033882796913
13,1,2.6,0.8096391376823916,2500.0,4475.902155794021
14,1,2.6,0.745654665878869,2500.0,4635.863335302828
15,1,2.6,1.0319386159703121,2490.6868813861715,3905.5499184109876
16,1,2.6,1.0068542837251664,2464.9397176816383,3927.0081521002
17,1,2.6,0.9336110203027348,2396.995949972363,3994.3276354129234
18,1,2.6,0.8094983569381923,2448.19721439914,4383.501134921001
19,1,2.6,0.7127139405652252,2470.826584510321,4663.156568227168
20,1,2.6,0.7850851076566517,2447.275217573166,4441.596238036347
21,1,2.6,0.8415580898411397,2496.374785169604,4389.730045706053
22,1,2.6,0.9225886227950568,2383.629417171872,3998.327103404486
23,1,2.6,0.8382469046449407,2427.5700176419437,4276.77899277183
24,1,2.6,1.0066999337596207,2442.526166760756,3891.6771032937722
25,1,2.6,1.0487110088496763,2495.3210538517037,3870.9640802257722
26,1,2.6,0.9364874053977335,2441.0704800843723,4060.7514879321548
27,1,2.6,1.1149286788953159,2394.1610571025817,3555.499924008718
28,1,2.6,0.9833491114333018,2444.4402821191325,3951.806554136126
29,1,2.6,0.9885296961272317,2500.0,4028.675759681921
30,1,2.6,0.9635464812926195,2473.313518673307,4047.462610499466
31,1,2.6,1.0070867141474353,2468.0959474590313,3931.4628254663644
32,1,2.6,0.9192387247550673,2462.1326573890397,4138.257225055398
33,1,2.6,1.0352773727801217,2445.4488603925774,3826.4491655653314
34,1,2.6,1.1367407356675296,2500.0,3658.148160831176
35,1,2.6,1.0137834637315288,2500.0,3965.541340671178
36,1,2.6,0.9986381170545076,2476.8386071012565,3966.314935619759
37,1,2.6,0.9011155787191552,2407.1130392594955,4089.406842659944
38,1,2.6,0.9163561538966547,2476.884479630654,4170.191311639038
39,1,2.6,1.012653721552975,2500.0,3968.365696117563
40,1,2.6,0.9467321066935989,2500.0,4133.169733266003
41,1,2.6,0.7921835251731686,2431.3651950424514,4395.462055918296
42,1,2.6,0.7502416247421204,2373.193384955542,4389.834339928111
43,1,2.6,0.840971036287057,2406.1724840628053,4232.5270911555945
44,1,2.6,0.8891666896277,2409.5346877119937,4122.312206235197
45,1,2.6,0.892113226294766,2395.8354568554364,4091.815688737437
46,1,2.6,0.9660718831538805,2342.686000284268,3827.7805248062423
47,1,2.6,0.8585509644060743,2353.0426514983883,4097.703856163243
48,1,2.6,1.0049322692662357,2288.5004077222757,3650.3131521288647
49,1,2.6,1.1774947815564363,2423.8777165818906,3447.978700706809
50,1,2.6,1.2225397068718158,2327.439783976614,3205.9558870746246
51,1,2.6,1.281431944076982,2359.3336343691412,3110.9419635439076
52,1,2.6,1.2424468187316844,2398.647593125376,3256.2916707889426
53,1,2.6,1.3397596001205954,2373.4985399986313,2991.1787491610585
54,1,2.6,1.2135069639384257,2334.289490478702,3236.4761227004415
55,1,2.6,1.2962715821888304,2303.4298236483005,3003.0469195240603
56,1,2.6,1.4962715791247923,2231.0424496449536,2462.46495985218
57,1,2.6,1.5156503838461175,2127.787415941705,2307.26546773345
58,1,2.6,1.4778791302737793,2127.787415941705,2387.634665769014
59,1,2.6,1.4437600232613221,2145.8232768718512,2481.086655735623
60,1,2.6,1.4924717336205142,2153.8669682801583,2385.468549391363
61,1,2.6,1.3678087568518895,2231.8493614399626,2750.0652391920244
62,1,2.6,1.4148753031723869,2320.2073255671226,2749.7350032899435
63,1,2.6,1.5122728725600012,2380.1260288469284,2588.9276483028416
64,1,2.6,1.4726202851817225,2299.692235375637,2592.626376487593
65,1,2.6,1.3781313440762502,2263.437820496681,2765.623727497262
66,1,2.6,1.4593195446645368,2304.7140682334,2628.9422927705227
67,1,2.6,1.5447757012255126,2250.239833940452,2374.5077508442328
68,1,2.6,1.5571619126170912,2276.8682828038436,2374.4049652619683
69,1,2.6,1.5282733318660573,2276.83066185124,2440.140139131029
70,1,2.6,1.4368131602632068,2364.9295535523734,2750.8549335967305
71,1,2.6,1.4642733722494836,2348.230197419831,2666.947563297554
72,1,2.6,1.5739304754384007,2442.0668801664992,2505.730402680068
73,1,2.6,1.5946376998710912,2494.728942893057,2508.1064282251255
74,1,2.6,1.446805245412083,2500.0,2882.986886469793
75,1,2.6,1.5590871003645996,2500.0,2602.282249088501
76,1,2.6,1.5255158552734913,2500.0,2686.210361816272
77,1,2.6,1.5873023020446844,2500.0,2531.7442448882894
78,1,2.6,1.5079075641938882,2500.0,2730.23108951528
79,1,2.6,1.3982886008356452,2500.0,3004.2784979108874
80,1,2.6,1.6274790681502909,2500.0,2431.302329624273
81,1,2.6,1.6961017439426733,2500.0,2259.745640143317
82,1,2.6,1.6191397439755981,2500.0,2452.150640061005
83,1,2.6,1.6235846357785497,2500.0,2441.038410553626
84,1,2.6,1.5103629170234831,2500.0,2724.0927074412925
85,1,2.6,1.4867450140579044,2500.0,2783.137464855239
86,1,2.6,1.5935217916212434,2500.0,2516.1955209468915
87,1,2.6,1.6347416723902088,2500.0,2413.145819024478
88,1,2.6,1.568027285263864,2500.0,2579.9317868403405
89,1,2.6,1.5242625859221148,2500.0,2689.3435351947132
90,1,2.6,1.4981366657757187,2500.0,2754.6583355607036
91,1,2.6,1.4780726074661747,2500.0,2804.8184813345633
92,1,2.6,1.2988761929711097,2500.0,3252.809517572226
93,1,2.6,1.3222527626946998,2500.0,3194.3680932632506
94,1,2.6,1.346033707410931,2500.0,3134.9157314726726
95,1,2.6,1.2983120827445578,2500.0,3254.219793138606
96,1,2.6,1.2686374289218474,2500.0,3328.406427695382
97,1,2.6,1.3006300052380768,2500.0,3248.424986904808
98,1,2.6,1.2120409241539556,2500.0,3469.897689615111
99,1,2.6,1.1040566497682287,2500.0,3739.8583755794284
