data/runs/1a8d5dad-81ad-457c-bc9d-0bdfc6330bc5/panel.csv
t,firm_id,price,cost,quantity,profit
0,2,2.6,1.0,2500.0,4000.0
1,2,2.6,1.066933961965419,2500.0,3832.6650950864528
2,2,2.6,1.047840810245204,2500.0,3880.3979743869904
3,2,2.6,1.0723158470364347,2500.0,3819.2103824089136
4,2,2.6,1.0541177223689089,2500.0,3864.705694077728
5,2,2.6,0.784136809389693,2500.0,4539.6579765257675
6,2,2.6,0.8100431473346323,2500.0,4474.89213166342
7,2,2.6,0.7507597821245919,2500.0,4623.10054468852
8,2,2.6,0.672089643414567,2500.0,4819.775891463582
9,2,2.6,0.7039310126771091,2468.89544611175,4681.196088315203
10,2,2.6,0.7358126926961337,2447.8746582087524,4563.296867703546
11,2,2.6,0.8408302700841158,2476.8509169555136,4357.201158622541
12,2,2.6,0.7596163266568419,2500.0,4600.959183357895
13,2,2.6,0.7634772049097601,2500.0,4591.306987725599
14,2,2.6,0.6560612078246333,2500.0,4859.846980438417
15,2,2.5850989412879617,0.5850989412879618,2509.3131186138285,5018.626237227657
16,2,2.6,0.659037997840914,2464.9397176816383,4784.354329632805
17,2,2.6,0.6517175404307542,2396.995949972363,4670.025164989676
18,2,2.6,0.671272569236852,2448.19721439914,4721.9051233295495
19,2,2.5533204162893512,0.5533204162893512,2529.173415489679,5058.346830979358
20,2,2.515627837491643,0.5156278374916429,2552.724782426834,5105.449564853668
21,2,2.594199652205805,0.5941996522058051,2503.625214830396,5007.250429660792
22,2,2.413672415276759,0.4136724152767586,2616.370582828128,5232.741165656256
23,2,2.4840795873455876,0.4840795873455874,2572.4299823580563,5144.859964716113
24,2,2.508025661148703,0.5080256611487028,2557.473833239244,5114.947666478488
25,2,2.592513677421673,0.592513677421673,2504.6789461482967,5009.357892296593
26,2,2.5056952993685977,0.5056952993685975,2558.9295199156277,5117.859039831255
27,2,2.430556411625888,0.430556411625888,2605.8389428974183,5211.677885794837
28,2,2.5110898118472105,0.5110898118472104,2555.559717880868,5111.119435761736
29,2,2.6,0.6527564438343753,2500.0,4868.108890414062
30,2,2.557300007983735,0.5573000079837349,2526.6864813266925,5053.372962653385
31,2,2.548950744537682,0.5489507445376816,2531.9040525409687,5063.808105081937
32,2,2.5394076176415163,0.5394076176415163,2537.86734261096,5075.73468522192
33,2,2.5127043201044805,0.5127043201044806,2554.551139607422,5109.102279214844
34,2,2.6,0.6021690514108851,2500.0,4994.5773714727875
35,2,2.6,0.6938172382336655,2500.0,4765.456904415837
36,2,2.5629407110465388,0.5629407110465389,2523.1613928987435,5046.322785797487
37,2,2.451312417631106,0.4513124176311058,2592.886960740504,5185.773921481008
38,2,2.5630141133813753,0.5630141133813753,2523.115520369346,5046.231040738692
39,2,2.6,0.6262148979758752,2500.0,4934.462755060313
40,2,2.6,0.6092714317616506,2500.0,4976.821420595874
41,2,2.4901567095700647,0.49015670957006485,2568.6348049575486,5137.269609915097
42,2,2.3969351487648387,0.3969351487648389,2626.806615044458,5253.613230088915
43,2,2.4498054278135353,0.44980542781353505,2593.827515937194,5187.655031874388
44,2,2.4551922727876305,0.45519227278763047,2590.4653122880063,5180.930624576013
45,2,2.4332401856660737,0.43324018566607386,2604.164543144563,5208.329086289125
46,2,2.3479645927252606,0.34796459272526065,2657.313999715732,5314.627999431464
47,2,2.364596852091603,0.3645968520916034,2646.9573485016117,5293.9146970032225
48,2,2.260789844683466,0.26078984468346617,2711.499592277725,5422.99918455545
49,2,2.4781666851869546,0.4781666851869546,2576.12228341811,5152.24456683622
50,2,2.323463925809043,0.3234639258090428,2672.560216023386,5345.120432046772
51,2,2.3746958486341234,0.37469584863412325,2640.6663656308583,5281.332731261717
52,2,2.437747218757764,0.43774721875776385,2601.3524068746246,5202.704813749249
53,2,2.397424653196094,0.3974246531960941,2626.5014600013687,5253.0029200027375
54,2,2.3344738565975596,0.3344738565975595,2665.7105095212974,5331.421019042595
55,2,2.2848371587969627,0.2848371587969627,2696.570176351699,5393.140352703398
56,2,2.1679960573938106,0.16799605739381046,2768.9575503550464,5537.915100710093
57,2,2.0,0.0,2872.2125840582953,5744.425168116591
58,2,2.0,0.0,2872.2125840582953,5744.425168116591
59,2,2.029479704917309,0.02947970491730891,2854.1767231281488,5708.353446256297
60,2,2.0426071490698017,0.042607149069801675,2846.1330317198413,5692.2660634396825
61,2,2.1693021882549464,0.16930218825494625,2768.1506385600374,5536.301277120075
62,2,2.311834229819951,0.31183422981995057,2679.792674432877,5359.585348865754
63,2,2.408054451151459,0.4080544511514594,2619.8739711530716,5239.747942306142
64,2,2.278819099726451,0.278819099726451,2700.3077646243623,5400.615529248725
65,2,2.2203647267738775,0.2203647267738777,2736.562179503319,5473.124359006637
66,2,2.286904648803353,0.28690464880335287,2695.2859317666002,5390.5718635332005
67,2,2.1990462157297133,0.19904621572971345,2749.760166059548,5499.520332119095
68,2,2.242036707968374,0.242036707968374,2723.131717196156,5446.263434392311
69,2,2.241976031007482,0.24197603100748188,2723.16933814876,5446.33867629752
70,2,2.3836766357762276,0.38367663577622746,2635.0704464476266,5270.140892895253
71,2,2.3568693396629006,0.3568693396629006,2651.7698025801697,5303.539605160339
72,2,2.507290410890809,0.5072904108908091,2557.9331198335008,5115.8662396670015
73,2,2.591566296131682,0.5915662961316823,2505.271057106943,5010.542114213885
74,2,2.6,0.7595353419321189,2500.0,4601.161645169703
75,2,2.6,0.7644708646132601,2500.0,4588.82283846685
76,2,2.6,0.8414336338872441,2500.0,4396.41591528189
77,2,2.6,0.6910184835032697,2500.0,4772.453791241826
78,2,2.6,0.771550933916832,2500.0,4571.12266520792
79,2,2.6,0.7653660553985592,2500.0,4586.584861503602
80,2,2.6,0.7452828491297052,2500.0,4636.792877175737
81,2,2.6,0.6315323186239725,2500.0,4921.1692034400685
82,2,2.6,0.6959452714093517,2500.0,4760.136821476621
83,2,2.6,0.7744126868169174,2500.0,4563.968282957707
84,2,2.6,0.7221735450813007,2500.0,4694.566137296749
85,2,2.6,0.8948921259036211,2500.0,4262.769685240947
86,2,2.6,0.9315926163130982,2500.0,4171.018459217255
87,2,2.6,0.9893241445482907,2500.0,4026.6896386292738
88,2,2.6,0.9895283680693766,2500.0,4026.1790798265583
89,2,2.6,0.9378333658143244,2500.0,4155.416585464189
90,2,2.6,1.1416578164106574,2500.0,3645.8554589733567
91,2,2.6,1.12965227587421,2500.0,3675.869310314475
92,2,2.6,1.225653486639491,2500.0,3435.8662834012725
93,2,2.6,1.2485524622299036,2500.0,3378.618844425241
94,2,2.6,1.1795826338970599,2500.0,3551.0434152573507
95,2,2.6,1.1344251098989013,2500.0,3663.937225252747
96,2,2.6,1.1906062795730867,2500.0,3523.4843010672835
97,2,2.6,1.1648060101689386,2500.0,3587.9849745776537
98,2,2.6,1.311280208742762,2500.0,3221.7994781430953
99,2,2.6,1.2553305756736162,2500.0,3361.6735608159597
